<html>
<body>
<pre>
<h1>µVision Build Log</h1>
<h2>Tool Versions:</h2>
IDE-Version: µVision V5.20.0.0
Copyright (C) 2016 ARM Ltd and ARM Germany GmbH. All rights reserved.
License Information: Patryk Chaber, Warsaw University of Technology, LIC=GE7GK-ZM0KM-TLXCD-86QWH-I3FTD-CWMKT
 
Tool Versions:
Toolchain:       MDK-ARM Professional  Version: 5.20
Toolchain Path:  C:\Keil_v5\ARM\ARMCC\Bin
C Compiler:      Armcc.exe V5.06 update 2 (build 183)
Assembler:       Armasm.exe V5.06 update 2 (build 183)
Linker/Locator:  ArmLink.exe V5.06 update 2 (build 183)
Library Manager: ArmAr.exe V5.06 update 2 (build 183)
Hex Converter:   FromElf.exe V5.06 update 2 (build 183)
CPU DLL:         SARMCM3.DLL V5.20
Dialog DLL:      DCM.DLL V1.13.7.0
Target DLL:      STLink\ST-LINKIII-KEIL_SWO.dll V2.0.18.0
Dialog DLL:      TCM.DLL V1.14.9.0
 
<h2>Project:</h2>
D:\Git\GitHub\LaTeX\SMS_SkryptDoLaboratorium\Projekty\FINAL_PROJECTS\SMS_0_Chaber\Projekt07_08_clean\MDK-ARM\Projekt07.uvprojx
Project File Date:  12/02/2016

<h2>Output:</h2>
*** Using Compiler 'V5.06 update 2 (build 183)', folder: 'C:\Keil_v5\ARM\ARMCC\Bin'
Build target 'Projekt05'
compiling main.c...
../Src/main.c(149): warning:  #550-D: variable "y" was set but never used
  		static float y = 0.0f;
../Src/main.c(585): warning:  #177-D: function "MX_DMA_Init" was declared but never referenced
  static void MX_DMA_Init(void) 
../Src/main.c(294): warning:  #177-D: function "MX_ADC3_Init" was declared but never referenced
  static void MX_ADC3_Init(void)
../Src/main.c(513): warning:  #177-D: function "MX_I2C1_Init" was declared but never referenced
  static void MX_I2C1_Init(void)
../Src/main.c(327): warning:  #177-D: function "MX_TIM2_Init" was declared but never referenced
  static void MX_TIM2_Init(void)
../Src/main.c(377): warning:  #177-D: function "MX_TIM3_Init" was declared but never referenced
  static void MX_TIM3_Init(void)
../Src/main.c(427): warning:  #177-D: function "MX_TIM4_Init" was declared but never referenced
  static void MX_TIM4_Init(void)
../Src/main.c(477): warning:  #177-D: function "MX_TIM5_Init" was declared but never referenced
  static void MX_TIM5_Init(void)
../Src/main.c: 8 warnings, 0 errors
linking...
Program Size: Code=19344 RO-data=16124 RW-data=108 ZI-data=3076  
".\Projekt05\Projekt05.axf" - 0 Error(s), 8 Warning(s).

<h2>Software Packages used:</h2>

Package Vendor: ARM
                http://www.keil.com/pack/ARM.CMSIS.5.0.0-Beta4.pack
                ARM::CMSIS:CORE:5.0.0
                CMSIS (Cortex Microcontroller Software Interface Standard)
   * Component: CORE Version: 5.0.0

<h2>Collection of Component include folders:</h2>
  D:\Git\GitHub\LaTeX\SMS_SkryptDoLaboratorium\Projekty\FINAL_PROJECTS\SMS_0_Chaber\Projekt07_08_clean\MDK-ARM\RTE
  C:\Keil_v5\ARM\PACK\ARM\CMSIS\5.0.0-Beta4\CMSIS\Include
  C:\Keil_v5\ARM\PACK\Keil\STM32F7xx_DFP\2.7.0\Drivers\CMSIS\Device\ST\STM32F7xx\Include

<h2>Collection of Component Files used:</h2>

   * Component: ARM::CMSIS:CORE:5.0.0
Build Time Elapsed:  00:00:02
</pre>
</body>
</html>
