<html>
<body>
<pre>
<h1>µVision Build Log</h1>
<h2>Tool Versions:</h2>
IDE-Version: µVision V5.21.1.0
Copyright (C) 2016 ARM Ltd and ARM Germany GmbH. All rights reserved.
License Information: Patryk Chaber, Warsaw University of Technology, LIC=Z3CX7-E3RWC-YBQE9-4JWRV-3NT06-JCAQU
 
Tool Versions:
Toolchain:       MDK-ARM Professional  Version: 5.21a
Toolchain Path:  C:\Keil_v5\ARM\ARMCC\Bin
C Compiler:      Armcc.exe V5.06 update 3 (build 300)
Assembler:       Armasm.exe V5.06 update 3 (build 300)
Linker/Locator:  ArmLink.exe V5.06 update 3 (build 300)
Library Manager: ArmAr.exe V5.06 update 3 (build 300)
Hex Converter:   FromElf.exe V5.06 update 3 (build 300)
CPU DLL:         SARMCM3.DLL V5.21a
Dialog DLL:      DCM.DLL V1.13.8.0
Target DLL:      STLink\ST-LINKIII-KEIL_SWO.dll V2.0.18.0
Dialog DLL:      TCM.DLL V1.14.14.0
 
<h2>Project:</h2>
F:\SMS\SMS_1_Dziwulski_Szczepañski\Projekt07_08_clean\MDK-ARM\Projekt07.uvprojx
Project File Date:  05/16/2017

<h2>Output:</h2>
*** Using Compiler 'V5.06 update 3 (build 300)', folder: 'C:\Keil_v5\ARM\ARMCC\Bin'
Build target 'Projekt07'
compiling main.c...
../Src/main.c(245): warning:  #1035-D: single-precision operand implicitly converted to double-precision
  		int tfill = (int)(179.*(y-20)/(90-20)), ufill = (int)(179.*(u_man+50)/100);
../Src/main.c(245): warning:  #1035-D: single-precision operand implicitly converted to double-precision
  		int tfill = (int)(179.*(y-20)/(90-20)), ufill = (int)(179.*(u_man+50)/100);
../Src/main.c(313): warning:  #1035-D: single-precision operand implicitly converted to double-precision
  					if(yzad < 80) yzad += 0.1;
../Src/main.c(316): warning:  #1035-D: single-precision operand implicitly converted to double-precision
  					if(yzad > 20) yzad -= 0.1;
../Src/main.c(321): warning:  #1035-D: single-precision operand implicitly converted to double-precision
  					if(u_man < 100 && manual_control) u_man += 0.1;
../Src/main.c(324): warning:  #1035-D: single-precision operand implicitly converted to double-precision
  					if(u_man > 0 && manual_control) u_man -= 0.1;
../Src/main.c(71): warning:  #177-D: variable "xpos" was declared but never referenced
  static int xpos = 251;
../Src/main.c: 7 warnings, 0 errors
linking...
Program Size: Code=33760 RO-data=16636 RW-data=1592 ZI-data=5192  
".\Projekt07\Projekt07.axf" - 0 Error(s), 7 Warning(s).

<h2>Software Packages used:</h2>

Package Vendor: ARM
                http://www.keil.com/pack/ARM.CMSIS.5.0.0-Beta4.pack
                ARM::CMSIS:CORE:5.0.0
                CMSIS (Cortex Microcontroller Software Interface Standard)
   * Component: CORE Version: 5.0.0

<h2>Collection of Component include folders:</h2>
  F:\SMS\SMS_1_Dziwulski_Szczepañski\Projekt07_08_clean\MDK-ARM\RTE
  C:\Keil_v5\ARM\PACK\ARM\CMSIS\5.0.0-Beta4\CMSIS\Include
  C:\Keil_v5\ARM\PACK\Keil\STM32F7xx_DFP\2.7.0\Drivers\CMSIS\Device\ST\STM32F7xx\Include

<h2>Collection of Component Files used:</h2>

   * Component: ARM::CMSIS:CORE:5.0.0
Build Time Elapsed:  00:00:01
</pre>
</body>
</html>
